###############################################################################
#
# IAR ELF Linker V8.40.2.214/W32 for ARM                  22/Oct/2019  11:15:02
# Copyright 2007-2019 IAR Systems AB.
#
#    Output file  =
#        E:\STM32\STM32H747XIH6\STM32H747XIH6-CD\Code\GPIO_EXTI\EWARM\STM32H747I_EVAL_CM4\Exe\STM32H747I_EVAL_CM4.out
#    Map file     =
#        E:\STM32\STM32H747XIH6\STM32H747XIH6-CD\Code\GPIO_EXTI\EWARM\STM32H747I_EVAL_CM4\List\STM32H747I_EVAL_CM4.map
#    Command line =
#        -f C:\Users\XIN\AppData\Local\Temp\EWDF04.tmp
#        (E:\STM32\STM32H747XIH6\STM32H747XIH6-CD\Code\GPIO_EXTI\EWARM\STM32H747I_EVAL_CM4\Obj\main.o
#        E:\STM32\STM32H747XIH6\STM32H747XIH6-CD\Code\GPIO_EXTI\EWARM\STM32H747I_EVAL_CM4\Obj\startup_stm32h747xx.o
#        E:\STM32\STM32H747XIH6\STM32H747XIH6-CD\Code\GPIO_EXTI\EWARM\STM32H747I_EVAL_CM4\Obj\stm32h747i_eval.o
#        E:\STM32\STM32H747XIH6\STM32H747XIH6-CD\Code\GPIO_EXTI\EWARM\STM32H747I_EVAL_CM4\Obj\stm32h7xx_hal.o
#        E:\STM32\STM32H747XIH6\STM32H747XIH6-CD\Code\GPIO_EXTI\EWARM\STM32H747I_EVAL_CM4\Obj\stm32h7xx_hal_adc.o
#        E:\STM32\STM32H747XIH6\STM32H747XIH6-CD\Code\GPIO_EXTI\EWARM\STM32H747I_EVAL_CM4\Obj\stm32h7xx_hal_adc_ex.o
#        E:\STM32\STM32H747XIH6\STM32H747XIH6-CD\Code\GPIO_EXTI\EWARM\STM32H747I_EVAL_CM4\Obj\stm32h7xx_hal_cortex.o
#        E:\STM32\STM32H747XIH6\STM32H747XIH6-CD\Code\GPIO_EXTI\EWARM\STM32H747I_EVAL_CM4\Obj\stm32h7xx_hal_dma.o
#        E:\STM32\STM32H747XIH6\STM32H747XIH6-CD\Code\GPIO_EXTI\EWARM\STM32H747I_EVAL_CM4\Obj\stm32h7xx_hal_dma_ex.o
#        E:\STM32\STM32H747XIH6\STM32H747XIH6-CD\Code\GPIO_EXTI\EWARM\STM32H747I_EVAL_CM4\Obj\stm32h7xx_hal_gpio.o
#        E:\STM32\STM32H747XIH6\STM32H747XIH6-CD\Code\GPIO_EXTI\EWARM\STM32H747I_EVAL_CM4\Obj\stm32h7xx_hal_hsem.o
#        E:\STM32\STM32H747XIH6\STM32H747XIH6-CD\Code\GPIO_EXTI\EWARM\STM32H747I_EVAL_CM4\Obj\stm32h7xx_hal_i2c.o
#        E:\STM32\STM32H747XIH6\STM32H747XIH6-CD\Code\GPIO_EXTI\EWARM\STM32H747I_EVAL_CM4\Obj\stm32h7xx_hal_i2c_ex.o
#        E:\STM32\STM32H747XIH6\STM32H747XIH6-CD\Code\GPIO_EXTI\EWARM\STM32H747I_EVAL_CM4\Obj\stm32h7xx_hal_pwr.o
#        E:\STM32\STM32H747XIH6\STM32H747XIH6-CD\Code\GPIO_EXTI\EWARM\STM32H747I_EVAL_CM4\Obj\stm32h7xx_hal_pwr_ex.o
#        E:\STM32\STM32H747XIH6\STM32H747XIH6-CD\Code\GPIO_EXTI\EWARM\STM32H747I_EVAL_CM4\Obj\stm32h7xx_hal_rcc.o
#        E:\STM32\STM32H747XIH6\STM32H747XIH6-CD\Code\GPIO_EXTI\EWARM\STM32H747I_EVAL_CM4\Obj\stm32h7xx_hal_rcc_ex.o
#        E:\STM32\STM32H747XIH6\STM32H747XIH6-CD\Code\GPIO_EXTI\EWARM\STM32H747I_EVAL_CM4\Obj\stm32h7xx_hal_uart.o
#        E:\STM32\STM32H747XIH6\STM32H747XIH6-CD\Code\GPIO_EXTI\EWARM\STM32H747I_EVAL_CM4\Obj\stm32h7xx_hal_uart_ex.o
#        E:\STM32\STM32H747XIH6\STM32H747XIH6-CD\Code\GPIO_EXTI\EWARM\STM32H747I_EVAL_CM4\Obj\stm32h7xx_it.o
#        E:\STM32\STM32H747XIH6\STM32H747XIH6-CD\Code\GPIO_EXTI\EWARM\STM32H747I_EVAL_CM4\Obj\system_stm32h7xx.o
#        --redirect _Printf=_PrintfFull --redirect _Scanf=_ScanfFull
#        --no_out_extension -o
#        E:\STM32\STM32H747XIH6\STM32H747XIH6-CD\Code\GPIO_EXTI\EWARM\STM32H747I_EVAL_CM4\Exe\STM32H747I_EVAL_CM4.out
#        --map
#        E:\STM32\STM32H747XIH6\STM32H747XIH6-CD\Code\GPIO_EXTI\EWARM\STM32H747I_EVAL_CM4\List\STM32H747I_EVAL_CM4.map
#        --config
#        E:\STM32\STM32H747XIH6\STM32H747XIH6-CD\Code\GPIO_EXTI\EWARM\stm32h7xx_CM4_FLASH.icf
#        --semihosting --entry __iar_program_start --vfe --text_out locale)
#
###############################################################################

*******************************************************************************
*** RUNTIME MODEL ATTRIBUTES
***

CppFlavor       = *
__SystemLibrary = DLib
__dlib_version  = 6


*******************************************************************************
*** HEAP SELECTION
***

The basic heap was selected because no calls to memory allocation
functions were found in the application outside of system library
functions, and there are calls to deallocation functions in the
application.


*******************************************************************************
*** PLACEMENT SUMMARY
***

"A0":  place at address 0x810'0000 { ro section .intvec };
"P1":  place in [from 0x810'0000 to 0x81f'ffff] { ro };
define block CSTACK with size = 1K, alignment = 8 { };
define block HEAP with size = 512, alignment = 8 { };
"P2":  place in [from 0x1000'0000 to 0x1003'ffff] {
          rw, block CSTACK, block HEAP };
initialize by copy { rw };

  Section            Kind         Address   Size  Object
  -------            ----         -------   ----  ------
"A0":                                      0x298
  .intvec            ro code   0x810'0000  0x298  startup_stm32h747xx.o [1]
                             - 0x810'0298  0x298

"P1":                                      0xae8
  .text              ro code   0x810'0298  0x22c  stm32h7xx_hal_gpio.o [1]
  .text              ro code   0x810'04c4   0x76  main.o [1]
  .text              ro code   0x810'053a   0x2e  copy_init3.o [4]
  .text              ro code   0x810'0568   0x10  stm32h7xx_hal_hsem.o [1]
  .text              ro code   0x810'0578   0x88  stm32h7xx_hal_pwr_ex.o [1]
  .text              ro code   0x810'0600   0x9a  stm32h7xx_hal.o [1]
  .text              ro code   0x810'069c   0x68  stm32h747i_eval.o [1]
  .text              ro code   0x810'0704   0xe0  stm32h7xx_hal_cortex.o [1]
  .text              ro code   0x810'07e4  0x178  stm32h7xx_hal_rcc.o [1]
  .text              ro code   0x810'095c   0x68  stm32h7xx_hal.o [1]
  .text              ro code   0x810'09c4   0x34  stm32h7xx_hal_rcc_ex.o [1]
  .text              ro code   0x810'09f8   0x34  system_stm32h7xx.o [1]
  .text              ro code   0x810'0a2c   0x28  data_init.o [4]
  Initializer bytes  const     0x810'0a54   0x24  <for P2-1>
  .text              ro code   0x810'0a78   0x22  fpinit_M.o [3]
  .iar.init_table    const     0x810'0a9c   0x14  - Linker created -
  .text              ro code   0x810'0ab0   0x1e  cmain.o [4]
  .text              ro code   0x810'0ace    0x4  low_level_init.o [2]
  .text              ro code   0x810'0ad2    0x4  exit.o [2]
  .text              ro code   0x810'0ad8    0xa  cexit.o [4]
  .text              ro code   0x810'0ae4   0x14  exit.o [5]
  .text              ro code   0x810'0af8   0x1c  stm32h7xx_it.o [1]
  .text              ro code   0x810'0b14   0x10  stm32h7xx_hal.o [1]
  .text              ro code   0x810'0b24   0x10  startup_stm32h747xx.o [1]
  .text              ro code   0x810'0b34    0xc  cstartup_M.o [4]
  .text              ro code   0x810'0b40    0x4  startup_stm32h747xx.o [1]
  .text              ro code   0x810'0b44    0x4  startup_stm32h747xx.o [1]
  .text              ro code   0x810'0b48    0x4  startup_stm32h747xx.o [1]
  .text              ro code   0x810'0b4c    0x4  startup_stm32h747xx.o [1]
  .text              ro code   0x810'0b50    0x4  startup_stm32h747xx.o [1]
  .text              ro code   0x810'0b54    0x4  startup_stm32h747xx.o [1]
  .text              ro code   0x810'0b58    0x4  startup_stm32h747xx.o [1]
  .text              ro code   0x810'0b5c    0x4  startup_stm32h747xx.o [1]
  .text              ro code   0x810'0b60    0x4  startup_stm32h747xx.o [1]
  .text              ro code   0x810'0b64    0x4  startup_stm32h747xx.o [1]
  .text              ro code   0x810'0b68    0x4  startup_stm32h747xx.o [1]
  .text              ro code   0x810'0b6c    0x4  startup_stm32h747xx.o [1]
  .text              ro code   0x810'0b70    0x4  startup_stm32h747xx.o [1]
  .text              ro code   0x810'0b74    0x4  startup_stm32h747xx.o [1]
  .text              ro code   0x810'0b78    0x4  startup_stm32h747xx.o [1]
  .text              ro code   0x810'0b7c    0x4  startup_stm32h747xx.o [1]
  .text              ro code   0x810'0b80    0x4  startup_stm32h747xx.o [1]
  .text              ro code   0x810'0b84    0x4  startup_stm32h747xx.o [1]
  .text              ro code   0x810'0b88    0x4  startup_stm32h747xx.o [1]
  .text              ro code   0x810'0b8c    0x4  startup_stm32h747xx.o [1]
  .text              ro code   0x810'0b90    0x4  startup_stm32h747xx.o [1]
  .text              ro code   0x810'0b94    0x4  startup_stm32h747xx.o [1]
  .text              ro code   0x810'0b98    0x4  startup_stm32h747xx.o [1]
  .text              ro code   0x810'0b9c    0x4  startup_stm32h747xx.o [1]
  .text              ro code   0x810'0ba0    0x4  startup_stm32h747xx.o [1]
  .text              ro code   0x810'0ba4    0x4  startup_stm32h747xx.o [1]
  .text              ro code   0x810'0ba8    0x4  startup_stm32h747xx.o [1]
  .text              ro code   0x810'0bac    0x4  startup_stm32h747xx.o [1]
  .text              ro code   0x810'0bb0    0x4  startup_stm32h747xx.o [1]
  .text              ro code   0x810'0bb4    0x4  startup_stm32h747xx.o [1]
  .text              ro code   0x810'0bb8    0x4  startup_stm32h747xx.o [1]
  .text              ro code   0x810'0bbc    0x4  startup_stm32h747xx.o [1]
  .text              ro code   0x810'0bc0    0x4  startup_stm32h747xx.o [1]
  .text              ro code   0x810'0bc4    0x4  startup_stm32h747xx.o [1]
  .text              ro code   0x810'0bc8    0x4  startup_stm32h747xx.o [1]
  .text              ro code   0x810'0bcc    0x4  startup_stm32h747xx.o [1]
  .text              ro code   0x810'0bd0    0x4  startup_stm32h747xx.o [1]
  .text              ro code   0x810'0bd4    0x4  startup_stm32h747xx.o [1]
  .text              ro code   0x810'0bd8    0x4  startup_stm32h747xx.o [1]
  .text              ro code   0x810'0bdc    0x4  startup_stm32h747xx.o [1]
  .text              ro code   0x810'0be0    0x4  startup_stm32h747xx.o [1]
  .text              ro code   0x810'0be4    0x4  startup_stm32h747xx.o [1]
  .text              ro code   0x810'0be8    0x4  startup_stm32h747xx.o [1]
  .text              ro code   0x810'0bec    0x4  startup_stm32h747xx.o [1]
  .text              ro code   0x810'0bf0    0x4  startup_stm32h747xx.o [1]
  .text              ro code   0x810'0bf4    0x4  startup_stm32h747xx.o [1]
  .text              ro code   0x810'0bf8    0x4  startup_stm32h747xx.o [1]
  .text              ro code   0x810'0bfc    0x4  startup_stm32h747xx.o [1]
  .text              ro code   0x810'0c00    0x4  startup_stm32h747xx.o [1]
  .text              ro code   0x810'0c04    0x4  startup_stm32h747xx.o [1]
  .text              ro code   0x810'0c08    0x4  startup_stm32h747xx.o [1]
  .text              ro code   0x810'0c0c    0x4  startup_stm32h747xx.o [1]
  .text              ro code   0x810'0c10    0x4  startup_stm32h747xx.o [1]
  .text              ro code   0x810'0c14    0x4  startup_stm32h747xx.o [1]
  .text              ro code   0x810'0c18    0x4  startup_stm32h747xx.o [1]
  .text              ro code   0x810'0c1c    0x4  startup_stm32h747xx.o [1]
  .text              ro code   0x810'0c20    0x4  startup_stm32h747xx.o [1]
  .text              ro code   0x810'0c24    0x4  startup_stm32h747xx.o [1]
  .text              ro code   0x810'0c28    0x4  startup_stm32h747xx.o [1]
  .text              ro code   0x810'0c2c    0x4  startup_stm32h747xx.o [1]
  .text              ro code   0x810'0c30    0x4  startup_stm32h747xx.o [1]
  .text              ro code   0x810'0c34    0x4  startup_stm32h747xx.o [1]
  .text              ro code   0x810'0c38    0x4  startup_stm32h747xx.o [1]
  .text              ro code   0x810'0c3c    0x4  startup_stm32h747xx.o [1]
  .text              ro code   0x810'0c40    0x4  startup_stm32h747xx.o [1]
  .text              ro code   0x810'0c44    0x4  startup_stm32h747xx.o [1]
  .text              ro code   0x810'0c48    0x4  startup_stm32h747xx.o [1]
  .text              ro code   0x810'0c4c    0x4  startup_stm32h747xx.o [1]
  .text              ro code   0x810'0c50    0x4  startup_stm32h747xx.o [1]
  .text              ro code   0x810'0c54    0x4  startup_stm32h747xx.o [1]
  .text              ro code   0x810'0c58    0x4  startup_stm32h747xx.o [1]
  .text              ro code   0x810'0c5c    0x4  startup_stm32h747xx.o [1]
  .text              ro code   0x810'0c60    0x4  startup_stm32h747xx.o [1]
  .text              ro code   0x810'0c64    0x4  startup_stm32h747xx.o [1]
  .text              ro code   0x810'0c68    0x4  startup_stm32h747xx.o [1]
  .text              ro code   0x810'0c6c    0x4  startup_stm32h747xx.o [1]
  .text              ro code   0x810'0c70    0x4  startup_stm32h747xx.o [1]
  .text              ro code   0x810'0c74    0x4  startup_stm32h747xx.o [1]
  .text              ro code   0x810'0c78    0x4  startup_stm32h747xx.o [1]
  .text              ro code   0x810'0c7c    0x4  startup_stm32h747xx.o [1]
  .text              ro code   0x810'0c80    0x4  startup_stm32h747xx.o [1]
  .text              ro code   0x810'0c84    0x4  startup_stm32h747xx.o [1]
  .text              ro code   0x810'0c88    0x4  startup_stm32h747xx.o [1]
  .text              ro code   0x810'0c8c    0x4  startup_stm32h747xx.o [1]
  .text              ro code   0x810'0c90    0x4  startup_stm32h747xx.o [1]
  .text              ro code   0x810'0c94    0x4  startup_stm32h747xx.o [1]
  .text              ro code   0x810'0c98    0x4  startup_stm32h747xx.o [1]
  .text              ro code   0x810'0c9c    0x4  startup_stm32h747xx.o [1]
  .text              ro code   0x810'0ca0    0x4  startup_stm32h747xx.o [1]
  .text              ro code   0x810'0ca4    0x4  startup_stm32h747xx.o [1]
  .text              ro code   0x810'0ca8    0x4  startup_stm32h747xx.o [1]
  .text              ro code   0x810'0cac    0x4  startup_stm32h747xx.o [1]
  .text              ro code   0x810'0cb0    0x4  startup_stm32h747xx.o [1]
  .text              ro code   0x810'0cb4    0x4  startup_stm32h747xx.o [1]
  .text              ro code   0x810'0cb8    0x4  startup_stm32h747xx.o [1]
  .text              ro code   0x810'0cbc    0x4  startup_stm32h747xx.o [1]
  .text              ro code   0x810'0cc0    0x4  startup_stm32h747xx.o [1]
  .text              ro code   0x810'0cc4    0x4  startup_stm32h747xx.o [1]
  .text              ro code   0x810'0cc8    0x4  startup_stm32h747xx.o [1]
  .text              ro code   0x810'0ccc    0x4  startup_stm32h747xx.o [1]
  .text              ro code   0x810'0cd0    0x4  startup_stm32h747xx.o [1]
  .text              ro code   0x810'0cd4    0x4  startup_stm32h747xx.o [1]
  .text              ro code   0x810'0cd8    0x4  startup_stm32h747xx.o [1]
  .text              ro code   0x810'0cdc    0x4  startup_stm32h747xx.o [1]
  .text              ro code   0x810'0ce0    0x4  startup_stm32h747xx.o [1]
  .text              ro code   0x810'0ce4    0x4  startup_stm32h747xx.o [1]
  .text              ro code   0x810'0ce8    0x4  startup_stm32h747xx.o [1]
  .text              ro code   0x810'0cec    0x4  startup_stm32h747xx.o [1]
  .text              ro code   0x810'0cf0    0x4  startup_stm32h747xx.o [1]
  .text              ro code   0x810'0cf4    0x4  startup_stm32h747xx.o [1]
  .text              ro code   0x810'0cf8    0x4  startup_stm32h747xx.o [1]
  .text              ro code   0x810'0cfc    0x4  startup_stm32h747xx.o [1]
  .text              ro code   0x810'0d00    0x4  startup_stm32h747xx.o [1]
  .text              ro code   0x810'0d04    0x4  startup_stm32h747xx.o [1]
  .text              ro code   0x810'0d08    0x4  startup_stm32h747xx.o [1]
  .text              ro code   0x810'0d0c    0x4  startup_stm32h747xx.o [1]
  .text              ro code   0x810'0d10    0x4  startup_stm32h747xx.o [1]
  .text              ro code   0x810'0d14    0x4  startup_stm32h747xx.o [1]
  .text              ro code   0x810'0d18    0x4  startup_stm32h747xx.o [1]
  .text              ro code   0x810'0d1c    0x4  startup_stm32h747xx.o [1]
  .text              ro code   0x810'0d20    0x4  startup_stm32h747xx.o [1]
  .text              ro code   0x810'0d24    0x4  startup_stm32h747xx.o [1]
  .text              ro code   0x810'0d28    0x4  startup_stm32h747xx.o [1]
  .text              ro code   0x810'0d2c    0x4  startup_stm32h747xx.o [1]
  .text              ro code   0x810'0d30    0x4  startup_stm32h747xx.o [1]
  .text              ro code   0x810'0d34    0x4  startup_stm32h747xx.o [1]
  .text              ro code   0x810'0d38    0x4  startup_stm32h747xx.o [1]
  .text              ro code   0x810'0d3c    0x4  startup_stm32h747xx.o [1]
  .text              ro code   0x810'0d40    0x4  startup_stm32h747xx.o [1]
  .text              ro code   0x810'0d44    0x4  startup_stm32h747xx.o [1]
  .text              ro code   0x810'0d48    0x4  startup_stm32h747xx.o [1]
  .text              ro code   0x810'0d4c    0x4  startup_stm32h747xx.o [1]
  .text              ro code   0x810'0d50    0x4  startup_stm32h747xx.o [1]
  .text              ro code   0x810'0d54    0x4  startup_stm32h747xx.o [1]
  .text              ro code   0x810'0d58    0x4  startup_stm32h747xx.o [1]
  .text              ro code   0x810'0d5c    0x4  startup_stm32h747xx.o [1]
  .text              ro code   0x810'0d60    0x4  startup_stm32h747xx.o [1]
  .text              ro code   0x810'0d64    0x4  startup_stm32h747xx.o [1]
  .text              ro code   0x810'0d68    0x4  startup_stm32h747xx.o [1]
  .text              ro code   0x810'0d6c    0x4  startup_stm32h747xx.o [1]
  .text              ro code   0x810'0d70    0x4  startup_stm32h747xx.o [1]
  .text              ro code   0x810'0d74    0x4  startup_stm32h747xx.o [1]
  .text              ro code   0x810'0d78    0x4  startup_stm32h747xx.o [1]
  .text              ro code   0x810'0d7c    0x4  startup_stm32h747xx.o [1]
  .rodata            const     0x810'0d80    0x0  copy_init3.o [4]
                             - 0x810'0d80  0xae8

"P2", part 1 of 2:                          0x24
  P2-1                        0x1000'0000   0x24  <Init block>
    .data            inited   0x1000'0000   0x10  stm32h747i_eval.o [1]
    .data            inited   0x1000'0010    0xc  stm32h7xx_hal.o [1]
    .data            inited   0x1000'001c    0x8  system_stm32h7xx.o [1]
                            - 0x1000'0024   0x24

"P2", part 2 of 2:                         0x400
  CSTACK                      0x1000'0028  0x400  <Block>
    CSTACK           uninit   0x1000'0028  0x400  <Block tail>
                            - 0x1000'0428  0x400

Unused ranges:

         From           To      Size
         ----           --      ----
   0x810'0d80   0x81f'ffff  0xf'f280
  0x1000'0024  0x1000'0027       0x4
  0x1000'0428  0x1003'ffff  0x3'fbd8


*******************************************************************************
*** INIT TABLE
***

          Address      Size
          -------      ----
Copy (__iar_copy_init3)
    1 source range, total size 0x24:
           0x810'0a54  0x24
    1 destination range, total size 0x24:
          0x1000'0000  0x24



*******************************************************************************
*** MODULE SUMMARY
***

    Module                  ro code  ro data  rw data
    ------                  -------  -------  -------
command line/config:
    -------------------------------------------------
    Total:

E:\STM32\STM32H747XIH6\STM32H747XIH6-CD\Code\GPIO_EXTI\EWARM\STM32H747I_EVAL_CM4\Obj: [1]
    main.o                      118
    startup_stm32h747xx.o     1'256
    stm32h747i_eval.o           104       16       16
    stm32h7xx_hal.o             274       12       12
    stm32h7xx_hal_cortex.o      224
    stm32h7xx_hal_gpio.o        556
    stm32h7xx_hal_hsem.o         16
    stm32h7xx_hal_pwr_ex.o      136
    stm32h7xx_hal_rcc.o         376
    stm32h7xx_hal_rcc_ex.o       52
    stm32h7xx_it.o               28
    system_stm32h7xx.o           52        8        8
    -------------------------------------------------
    Total:                    3'192       36       36

dl7M_tln.a: [2]
    exit.o                        4
    low_level_init.o              4
    -------------------------------------------------
    Total:                        8

m7M_tls.a: [3]
    fpinit_M.o                   34
    -------------------------------------------------
    Total:                       34

rt7M_tl.a: [4]
    cexit.o                      10
    cmain.o                      30
    copy_init3.o                 46
    cstartup_M.o                 12
    data_init.o                  40
    -------------------------------------------------
    Total:                      138

shb_l.a: [5]
    exit.o                       20
    -------------------------------------------------
    Total:                       20

    Gaps                          6        2
    Linker created                        20    1'024
-----------------------------------------------------
    Grand Total:              3'398       58    1'060


*******************************************************************************
*** ENTRY LIST
***

Entry                       Address   Size  Type      Object
-----                       -------   ----  ----      ------
.iar.init_table$$Base    0x810'0a9c          --   Gb  - Linker created -
.iar.init_table$$Limit   0x810'0ab0          --   Gb  - Linker created -
?main                    0x810'0ab1         Code  Gb  cmain.o [4]
BSP_LED_Init             0x810'069d   0x4e  Code  Gb  stm32h747i_eval.o [1]
BusFault_Handler         0x810'0aff    0x2  Code  Gb  stm32h7xx_it.o [1]
CSTACK$$Base            0x1000'0028          --   Gb  - Linker created -
CSTACK$$Limit           0x1000'0428          --   Gb  - Linker created -
D1CorePrescTable         0x810'0a1c   0x10  Data  Gb  system_stm32h7xx.o [1]
DebugMon_Handler         0x810'0b05    0x2  Code  Gb  stm32h7xx_it.o [1]
EXTI15_10_IRQHandler     0x810'0b0d    0x8  Code  Gb  stm32h7xx_it.o [1]
GPIO_PIN                 0x810'06f4   0x10  Data  Gb  stm32h747i_eval.o [1]
GPIO_PORT               0x1000'0000   0x10  Data  Gb  stm32h747i_eval.o [1]
HAL_GPIO_EXTI_Callback   0x810'0539    0x2  Code  Gb  main.o [1]
HAL_GPIO_EXTI_IRQHandler
                         0x810'047b   0x10  Code  Gb  stm32h7xx_hal_gpio.o [1]
HAL_GPIO_Init            0x810'0299  0x1da  Code  Gb  stm32h7xx_hal_gpio.o [1]
HAL_GPIO_WritePin        0x810'0473    0x8  Code  Gb  stm32h7xx_hal_gpio.o [1]
HAL_GetCurrentCPUID      0x810'07b1   0x14  Code  Gb  stm32h7xx_hal_cortex.o [1]
HAL_HSEM_ActivateNotification
                         0x810'0569    0xa  Code  Gb  stm32h7xx_hal_hsem.o [1]
HAL_IncTick              0x810'0b15   0x10  Code  Wk  stm32h7xx_hal.o [1]
HAL_Init                 0x810'0601   0x80  Code  Gb  stm32h7xx_hal.o [1]
HAL_NVIC_EnableIRQ       0x810'0773   0x16  Code  Gb  stm32h7xx_hal_cortex.o [1]
HAL_NVIC_SetPriority     0x810'0739   0x3a  Code  Gb  stm32h7xx_hal_cortex.o [1]
HAL_NVIC_SetPriorityGrouping
                         0x810'071f   0x1a  Code  Gb  stm32h7xx_hal_cortex.o [1]
HAL_PWREx_ClearPendingEvent
                         0x810'05e7   0x10  Code  Gb  stm32h7xx_hal_pwr_ex.o [1]
HAL_PWREx_EnterSTOPMode
                         0x810'0579   0x6e  Code  Gb  stm32h7xx_hal_pwr_ex.o [1]
HAL_RCCEx_GetD1SysClockFreq
                         0x810'09c5   0x26  Code  Gb  stm32h7xx_hal_rcc_ex.o [1]
HAL_RCC_GetHCLKFreq      0x810'0913   0x1e  Code  Gb  stm32h7xx_hal_rcc.o [1]
HAL_RCC_GetSysClockFreq
                         0x810'07e5  0x11e  Code  Gb  stm32h7xx_hal_rcc.o [1]
HAL_SYSTICK_Config       0x810'0789   0x28  Code  Gb  stm32h7xx_hal_cortex.o [1]
HardFault_Handler        0x810'0afb    0x2  Code  Gb  stm32h7xx_it.o [1]
MemManage_Handler        0x810'0afd    0x2  Code  Gb  stm32h7xx_it.o [1]
NMI_Handler              0x810'0af9    0x2  Code  Gb  stm32h7xx_it.o [1]
PendSV_Handler           0x810'0b07    0x2  Code  Gb  stm32h7xx_it.o [1]
Region$$Table$$Base      0x810'0a9c          --   Gb  - Linker created -
Region$$Table$$Limit     0x810'0ab0          --   Gb  - Linker created -
SVC_Handler              0x810'0b03    0x2  Code  Gb  stm32h7xx_it.o [1]
SysTick_Handler          0x810'0b09    0x4  Code  Gb  stm32h7xx_it.o [1]
SystemCoreClock         0x1000'001c    0x4  Data  Gb  system_stm32h7xx.o [1]
SystemD2Clock           0x1000'0020    0x4  Data  Gb  system_stm32h7xx.o [1]
SystemInit               0x810'09f9   0x1c  Code  Gb  system_stm32h7xx.o [1]
UsageFault_Handler       0x810'0b01    0x2  Code  Gb  stm32h7xx_it.o [1]
__NVIC_SetPriority       0x810'0705   0x1a  Code  Lc  stm32h7xx_hal_cortex.o [1]
__cmain                  0x810'0ab1         Code  Gb  cmain.o [4]
__exit                   0x810'0ae5   0x14  Code  Gb  exit.o [5]
__iar_copy_init3         0x810'053b   0x2e  Code  Gb  copy_init3.o [4]
__iar_data_init3         0x810'0a2d   0x28  Code  Gb  data_init.o [4]
__iar_init_vfp           0x810'0a79         Code  Gb  fpinit_M.o [3]
__iar_program_start      0x810'0b35         Code  Gb  cstartup_M.o [4]
__low_level_init         0x810'0acf    0x4  Code  Gb  low_level_init.o [2]
__vector_table           0x810'0000         Data  Gb  startup_stm32h747xx.o [1]
_call_main               0x810'0abd         Code  Gb  cmain.o [4]
_exit                    0x810'0ad9         Code  Gb  cexit.o [4]
_main                    0x810'0acb         Code  Gb  cmain.o [4]
exit                     0x810'0ad3    0x4  Code  Gb  exit.o [2]
main                     0x810'04c5   0x66  Code  Gb  main.o [1]
uwTick                  0x1000'0014    0x4  Data  Gb  stm32h7xx_hal.o [1]
uwTickFreq              0x1000'0010    0x1  Data  Gb  stm32h7xx_hal.o [1]
uwTickPrio              0x1000'0018    0x4  Data  Gb  stm32h7xx_hal.o [1]


[1] = E:\STM32\STM32H747XIH6\STM32H747XIH6-CD\Code\GPIO_EXTI\EWARM\STM32H747I_EVAL_CM4\Obj
[2] = dl7M_tln.a
[3] = m7M_tls.a
[4] = rt7M_tl.a
[5] = shb_l.a

  3'398 bytes of readonly  code memory
     58 bytes of readonly  data memory
  1'060 bytes of readwrite data memory

Errors: none
Warnings: none
